// Jest Snapshot v1, https://goo.gl/fbAQLP

exports[`FilterLink should render the component 1`] = `
<Connect(FilterLink)
  filter="TEST_FILTER"
  store={
    Object {
      "clearActions": [Function],
      "dispatch": [Function],
      "getActions": [Function],
      "getState": [Function],
      "replaceReducer": [Function],
      "subscribe": [Function],
    }
  }
>
  <FilterLink
    active={false}
    filter="TEST_FILTER"
    onClick={[Function]}
    store={
      Object {
        "clearActions": [Function],
        "dispatch": [Function],
        "getActions": [Function],
        "getState": [Function],
        "replaceReducer": [Function],
        "subscribe": [Function],
      }
    }
    storeSubscription={
      Subscription {
        "listeners": Object {
          "clear": [Function],
          "get": [Function],
          "notify": [Function],
          "subscribe": [Function],
        },
        "onStateChange": [Function],
        "parentSub": undefined,
        "store": Object {
          "clearActions": [Function],
          "dispatch": [Function],
          "getActions": [Function],
          "getState": [Function],
          "replaceReducer": [Function],
          "subscribe": [Function],
        },
        "unsubscribe": [Function],
      }
    }
  >
    <Button
      as="button"
      disabled={false}
      onClick={[Function]}
      secondary={true}
      size="mini"
    >
      <button
        className="ui mini secondary button"
        disabled={undefined}
        onClick={[Function]}
        role="button"
        tabIndex={undefined}
      >
        Test filter
      </button>
    </Button>
  </FilterLink>
</Connect(FilterLink)>
`;
